// Jest Snapshot v1, https://goo.gl/fbAQLP

exports[`TextBlockEdit renders w/o errors 1`] = `
<DocumentFragment>
  <div
    class="slate-editor selected"
  >
    <div
      class="toolbar-wrapper"
    />
    <div
      contenteditable="true"
      data-gramm="false"
      data-slate-editor="true"
      data-slate-node="value"
      role="textbox"
      style="outline: none; white-space: pre-wrap; word-wrap: break-word;"
    >
      <p
        data-slate-node="element"
      >
        <span
          data-slate-node="text"
        >
          <span
            data-slate-leaf="true"
          />
        </span>
      </p>
    </div>
  </div>
  <button
    class="ui basic icon button block-add-button"
  >
    <svg
      class="icon block-add-button"
      style="height: 24px; width: auto; fill: currentColor;"
      viewBox=""
      xmlns=""
    />
  </button>
</DocumentFragment>
`;
