// Jest Snapshot v1, https://goo.gl/fbAQLP

exports[`ToolbarButton renders a toolbar button 1`] = `
<DocumentFragment>
  <button
    aria-pressed="false"
    class="ui mini compact toggle button"
  />
</DocumentFragment>
`;
